[Humevanforex.co.za/index.html]
[backblue.gif]
[fade.gif]
[index.html]
[Humevanforex.co.za/favicon.png]
[Humevanforex.co.za/ahomepage_assets/js/modernizr.js]
[Humevanforex.co.za/dist/images/mylogo.jpg]
[Humevanforex.co.za/login.html]
[Humevanforex.co.za/affiliate8605.html]
[Humevanforex.co.za/reviews/clients_reviews.html]
[Humevanforex.co.za/terms_conditions.html]
[Humevanforex.co.za/policy_privacy.html]
[s3.tradingview.com/external-embedding/embed-widget-ticker-tape.js]
[Humevanforex.co.za/ahomepage_assets/js/jquery-1.11.3.min.js]
[Humevanforex.co.za/ahomepage_assets/js/jquery-migrate-1.2.1.min.js]
[Humevanforex.co.za/ahomepage_assets/js/jquery.fittext.js]
[Humevanforex.co.za/ahomepage_assets/js/jquery.countdown.min.js]
[Humevanforex.co.za/ahomepage_assets/js/jquery.placeholder.min.js]
[Humevanforex.co.za/ahomepage_assets/js/owl.carousel.min.js]
[Humevanforex.co.za/ahomepage_assets/js/jquery.ajaxchimp.min.js]
[Humevanforex.co.za/ahomepage_assets/js/main.js]
[Humevanforex.co.za/index.html]
[www.googletagmanager.com/gtm5445.html]
[Humevanforex.co.za/ahomepage_assets/css/base.css]
[Humevanforex.co.za/ahomepage_assets/css/vendor.css]
[Humevanforex.co.za/ahomepage_assets/images/bg.jpg]
[Humevanforex.co.za/ahomepage_assets/images/logo/logo@2x.png]
[Humevanforex.co.za/ahomepage_assets/images/users.png]
[Humevanforex.co.za/ahomepage_assets/images/marker.png]
[Humevanforex.co.za/ahomepage_assets/images/users@2x.png]
[Humevanforex.co.za/ahomepage_assets/images/slides/photography@2x.png]
[Humevanforex.co.za/ahomepage_assets/images/slides/digitalmedia@2x.png]
[Humevanforex.co.za/ahomepage_assets/images/slides/marketing@2x.png]
[Humevanforex.co.za/ahomepage_assets/images/slides/videography@2x.png]
[Humevanforex.co.za/ahomepage_assets/images/slides/packaging@2x.png]
[Humevanforex.co.za/ahomepage_assets/images/slides/webdesign@2x.png]
[Humevanforex.co.za/ahomepage_assets/images/slides/webdevelopment@2x.png]
[Humevanforex.co.za/ahomepage_assets/images/slides/branding@2x.png]
[Humevanforex.co.za/ahomepage_assets/images/marker@2x.png]
[Humevanforex.co.za/ahomepage_assets/css/main.css]
[use.fontawesome.com/releases/v5.0.13/css/all.css]
[Humevanforex.co.za/dist/images/login-new.jpg]
[Humevanforex.co.za/login.html]
[Humevanforex.co.za/affiliate8605.html]
[Humevanforex.co.za/reviews/clients_reviews.html]
[Humevanforex.co.za/reviews/reviewsc26c.html]
[cdn.datatables.net/1.11.0/css/jquery.dataTables.min.css]
[Humevanforex.co.za/admin/assets/js/jquery.min.js]
[Humevanforex.co.za/admin/assets/plugins/datatable/js/jquery.dataTables.min.js]
[Humevanforex.co.za/admin/assets/plugins/datatable/js/dataTables.bootstrap5.min.js]
[Humevanforex.co.za/main.js]
[Humevanforex.co.za/terms_conditions.html]
[Humevanforex.co.za/policy_privacy.html]
[Humevanforex.co.za/ahomepage_assets/css/grabbing.html]
[Humevanforex.co.za/ahomepage_assets/fonts/montserrat/montserrat-regular-webfont.eot]
[Humevanforex.co.za/ahomepage_assets/fonts/montserrat/montserrat-regular-webfontd41d.eot]
[Humevanforex.co.za/ahomepage_assets/fonts/montserrat/montserrat-regular-webfont.woff]
[Humevanforex.co.za/ahomepage_assets/fonts/montserrat/montserrat-regular-webfont.ttf]
[Humevanforex.co.za/ahomepage_assets/fonts/montserrat/montserrat-bold-webfont.eot]
[Humevanforex.co.za/ahomepage_assets/fonts/montserrat/montserrat-bold-webfontd41d.eot]
[Humevanforex.co.za/ahomepage_assets/fonts/montserrat/montserrat-bold-webfont.woff]
[Humevanforex.co.za/ahomepage_assets/fonts/montserrat/montserrat-bold-webfont.ttf]
[Humevanforex.co.za/ahomepage_assets/css/fonts.css]
[Humevanforex.co.za/ahomepage_assets/css/font-awesome/fonts/fontawesome-webfont78ce.eot]
[Humevanforex.co.za/ahomepage_assets/css/font-awesome/fonts/fontawesome-webfontd41d.eot]
[Humevanforex.co.za/ahomepage_assets/css/font-awesome/fonts/fontawesome-webfont78ce.woff]
[Humevanforex.co.za/ahomepage_assets/css/font-awesome/fonts/fontawesome-webfont78ce.ttf]
[Humevanforex.co.za/ahomepage_assets/css/font-awesome/css/font-awesome.min.css]
[Humevanforex.co.za/dist/styles.css]
[use.fontawesome.com/releases/v5.0.13/css/all.css]
[Humevanforex.co.za/reviews/style.css]
[Humevanforex.co.za/reviews/reviews.css]
[Humevanforex.co.za/reviews/reviewsc26c.html]
[www.datatables.net/examples/resources/details_open.png]
[www.datatables.net/examples/resources/details_close.png]
[cdn.datatables.net/1.11.0/images/sort_both.png]
[cdn.datatables.net/1.11.0/images/sort_asc.png]
[cdn.datatables.net/1.11.0/images/sort_desc.png]
[cdn.datatables.net/1.11.0/images/sort_asc_disabled.png]
[cdn.datatables.net/1.11.0/images/sort_desc_disabled.png]
[cdn.datatables.net/1.11.0/css/jquery.dataTables.min.css]
[Humevanforex.co.za/ahomepage_assets/fonts/montserrat/montserrat-regular-webfont.svg]
[Humevanforex.co.za/ahomepage_assets/fonts/montserrat/montserrat-bold-webfont.svg]
[Humevanforex.co.za/ahomepage_assets/css/font-awesome/fonts/fontawesome-webfont78ce.svg]
[Humevanforex.co.za/dist/images/sitelogo.jpg]
[Humevanforex.co.za/dist/images/logo.jpg]
